---
created: "2019-07-08T18:41:37.171785Z"
creator: insta@0.8.1
source: src/lexer/mod.rs
expression: tokens
---
Ok(
    [
        Token {
            token_type: Colon,
            token_pos: Range {
                start: Pos {
                    line: 0,
                    column: 0,
                },
                end: Pos {
                    line: 0,
                    column: 1,
                },
            },
        },
        Token {
            token_type: Comma,
            token_pos: Range {
                start: Pos {
                    line: 0,
                    column: 1,
                },
                end: Pos {
                    line: 0,
                    column: 2,
                },
            },
        },
    ],
)
