---
created: "2019-06-25T20:05:13.203628Z"
creator: insta@0.8.1
source: src/lexer/mod.rs
expression: tokens
---
Ok(
    [
        Token {
            token_type: LCurly,
            token_pos: Range {
                start: Pos {
                    line: 0,
                    column: 0
                },
                end: Pos {
                    line: 0,
                    column: 1
                }
            }
        },
        Token {
            token_type: RCurly,
            token_pos: Range {
                start: Pos {
                    line: 0,
                    column: 1
                },
                end: Pos {
                    line: 0,
                    column: 2
                }
            }
        }
    ]
)
