---
created: "2019-07-02T22:48:51.095621Z"
creator: insta@0.8.1
source: src/lexer/mod.rs
expression: tokens
---
Ok(
    [
        Token {
            token_type: String(
                "hello"
            ),
            token_pos: Range {
                start: Pos {
                    line: 0,
                    column: 0
                },
                end: Pos {
                    line: 0,
                    column: 7
                }
            }
        }
    ]
)
