---
created: "2019-07-12T18:25:23.583239Z"
creator: insta@0.8.1
source: src/interpret/mod.rs
expression: value
---
"<svg width=\"100%\" height=\"100%\" xmlns=\"http://www.w3.org/2000/svg\">hello</svg>"
